---
source: crates/mun_codegen/src/test.rs
expression: "\n    pub fn assign(a: bool, b: bool) -> bool {\n        a = b;\n        a\n    }\n    // TODO: Add errors\n    // a += b;\n    // a *= b;\n    // a -= b;\n    // a /= b;\n    // a %= b;\n    "
---
; == FILE IR (mod) =====================================
; ModuleID = 'fileir:mod'
source_filename = "fileir:mod"

@global_type_lookup_table = external global [1 x i64*]

define i1 @assign(i1 %0, i1 %1) {
body:
  ret i1 %1
}

; == GROUP IR (mod) ====================================
; ModuleID = 'filegroupir:mod'
source_filename = "filegroupir:mod"

@global_type_lookup_table = global [1 x i64*] zeroinitializer
