---
source: crates/mun_codegen/src/test.rs
expression: "\n    pub fn negate(a: i128) -> i128 { -a }\n                        "
---
; == FILE IR (mod) =====================================
; ModuleID = 'fileir:mod'
source_filename = "fileir:mod"

@global_type_lookup_table = external global [1 x i64*]

define i128 @negate(i128 %0) {
body:
  %neg = sub i128 0, %0
  ret i128 %neg
}

; == GROUP IR (mod) ====================================
; ModuleID = 'filegroupir:mod'
source_filename = "filegroupir:mod"

@global_type_lookup_table = global [1 x i64*] zeroinitializer
